[2025-02-27T15:29:29.483+0000] {taskinstance.py:1159} INFO - Dependencies all met for dep_context=non-requeueable deps ti=<TaskInstance: load_to_hbase.load_into_hbase manual__2025-02-27T15:24:22.519342+00:00 [queued]>
[2025-02-27T15:29:29.498+0000] {taskinstance.py:1159} INFO - Dependencies all met for dep_context=requeueable deps ti=<TaskInstance: load_to_hbase.load_into_hbase manual__2025-02-27T15:24:22.519342+00:00 [queued]>
[2025-02-27T15:29:29.500+0000] {taskinstance.py:1361} INFO - Starting attempt 2 of 2
[2025-02-27T15:29:29.523+0000] {taskinstance.py:1382} INFO - Executing <Task(PythonOperator): load_into_hbase> on 2025-02-27 15:24:22.519342+00:00
[2025-02-27T15:29:29.531+0000] {standard_task_runner.py:57} INFO - Started process 3916 to run task
[2025-02-27T15:29:29.535+0000] {standard_task_runner.py:84} INFO - Running: ['***', 'tasks', 'run', 'load_to_hbase', 'load_into_hbase', 'manual__2025-02-27T15:24:22.519342+00:00', '--job-id', '18', '--raw', '--subdir', 'DAGS_FOLDER/load_data.py', '--cfg-path', '/tmp/tmpsos3nz4e']
[2025-02-27T15:29:29.539+0000] {standard_task_runner.py:85} INFO - Job 18: Subtask load_into_hbase
[2025-02-27T15:29:29.604+0000] {task_command.py:415} INFO - Running <TaskInstance: load_to_hbase.load_into_hbase manual__2025-02-27T15:24:22.519342+00:00 [running]> on host b0117377cc2b
[2025-02-27T15:29:29.712+0000] {taskinstance.py:1660} INFO - Exporting env vars: AIRFLOW_CTX_DAG_OWNER='***' AIRFLOW_CTX_DAG_ID='load_to_hbase' AIRFLOW_CTX_TASK_ID='load_into_hbase' AIRFLOW_CTX_EXECUTION_DATE='2025-02-27T15:24:22.519342+00:00' AIRFLOW_CTX_TRY_NUMBER='2' AIRFLOW_CTX_DAG_RUN_ID='manual__2025-02-27T15:24:22.519342+00:00'
[2025-02-27T15:29:32.395+0000] {logging_mixin.py:151} INFO - Creating table 'crypto_prices'
[2025-02-27T15:29:32.412+0000] {taskinstance.py:1943} ERROR - Task failed with exception
Traceback (most recent call last):
  File "/opt/airflow/dags/load_data.py", line 50, in load_processed_data
    connection.create_table(
  File "/home/airflow/.local/lib/python3.9/site-packages/happybase/connection.py", line 307, in create_table
    column_descriptors.append(ColumnDescriptor(**kwargs))
TypeError: __init__() got an unexpected keyword argument 'blockcache'

During handling of the above exception, another exception occurred:

Traceback (most recent call last):
  File "/home/airflow/.local/lib/python3.9/site-packages/airflow/operators/python.py", line 192, in execute
    return_value = self.execute_callable()
  File "/home/airflow/.local/lib/python3.9/site-packages/airflow/operators/python.py", line 209, in execute_callable
    return self.python_callable(*self.op_args, **self.op_kwargs)
  File "/opt/airflow/dags/load_data.py", line 80, in load_processed_data
    raise AirflowException(f"Failed to load data into HBase: {str(e)}")
airflow.exceptions.AirflowException: Failed to load data into HBase: __init__() got an unexpected keyword argument 'blockcache'
[2025-02-27T15:29:32.421+0000] {taskinstance.py:1400} INFO - Marking task as FAILED. dag_id=load_to_hbase, task_id=load_into_hbase, execution_date=20250227T152422, start_date=20250227T152929, end_date=20250227T152932
[2025-02-27T15:29:32.438+0000] {standard_task_runner.py:104} ERROR - Failed to execute job 18 for task load_into_hbase (Failed to load data into HBase: __init__() got an unexpected keyword argument 'blockcache'; 3916)
[2025-02-27T15:29:32.471+0000] {local_task_job_runner.py:228} INFO - Task exited with return code 1
[2025-02-27T15:29:32.504+0000] {taskinstance.py:2784} INFO - 0 downstream tasks scheduled from follow-on schedule check
