[2025-02-27T16:15:20.981+0000] {taskinstance.py:1159} INFO - Dependencies all met for dep_context=non-requeueable deps ti=<TaskInstance: load_to_hbase.load_into_hbase manual__2025-02-27T16:02:30.363785+00:00 [queued]>
[2025-02-27T16:15:20.992+0000] {taskinstance.py:1159} INFO - Dependencies all met for dep_context=requeueable deps ti=<TaskInstance: load_to_hbase.load_into_hbase manual__2025-02-27T16:02:30.363785+00:00 [queued]>
[2025-02-27T16:15:20.994+0000] {taskinstance.py:1361} INFO - Starting attempt 2 of 2
[2025-02-27T16:15:21.010+0000] {taskinstance.py:1382} INFO - Executing <Task(PythonOperator): load_into_hbase> on 2025-02-27 16:02:30.363785+00:00
[2025-02-27T16:15:21.017+0000] {standard_task_runner.py:57} INFO - Started process 5160 to run task
[2025-02-27T16:15:21.021+0000] {standard_task_runner.py:84} INFO - Running: ['***', 'tasks', 'run', 'load_to_hbase', 'load_into_hbase', 'manual__2025-02-27T16:02:30.363785+00:00', '--job-id', '23', '--raw', '--subdir', 'DAGS_FOLDER/load_data.py', '--cfg-path', '/tmp/tmpzdmy03kd']
[2025-02-27T16:15:21.025+0000] {standard_task_runner.py:85} INFO - Job 23: Subtask load_into_hbase
[2025-02-27T16:15:21.076+0000] {task_command.py:415} INFO - Running <TaskInstance: load_to_hbase.load_into_hbase manual__2025-02-27T16:02:30.363785+00:00 [running]> on host b0117377cc2b
[2025-02-27T16:15:21.165+0000] {taskinstance.py:1660} INFO - Exporting env vars: AIRFLOW_CTX_DAG_OWNER='***' AIRFLOW_CTX_DAG_ID='load_to_hbase' AIRFLOW_CTX_TASK_ID='load_into_hbase' AIRFLOW_CTX_EXECUTION_DATE='2025-02-27T16:02:30.363785+00:00' AIRFLOW_CTX_TRY_NUMBER='2' AIRFLOW_CTX_DAG_RUN_ID='manual__2025-02-27T16:02:30.363785+00:00'
[2025-02-27T16:15:24.454+0000] {logging_mixin.py:151} INFO - Creating table 'crypto_prices'
[2025-02-27T16:15:24.494+0000] {taskinstance.py:1943} ERROR - Task failed with exception
Traceback (most recent call last):
  File "/opt/airflow/dags/load_data.py", line 50, in load_processed_data
    connection.create_table(
  File "/home/airflow/.local/lib/python3.9/site-packages/happybase/connection.py", line 309, in create_table
    self.client.createTable(name, column_descriptors)
  File "/home/airflow/.local/lib/python3.9/site-packages/thriftpy2/thrift.py", line 214, in _req
    return self._recv(_api)
  File "/home/airflow/.local/lib/python3.9/site-packages/thriftpy2/thrift.py", line 248, in _recv
    raise v
Hbase_thrift.AlreadyExists: AlreadyExists(message=b'table name already in use')

During handling of the above exception, another exception occurred:

Traceback (most recent call last):
  File "/home/airflow/.local/lib/python3.9/site-packages/airflow/operators/python.py", line 192, in execute
    return_value = self.execute_callable()
  File "/home/airflow/.local/lib/python3.9/site-packages/airflow/operators/python.py", line 209, in execute_callable
    return self.python_callable(*self.op_args, **self.op_kwargs)
  File "/opt/airflow/dags/load_data.py", line 80, in load_processed_data
    raise AirflowException(f"Failed to load data into HBase: {str(e)}")
airflow.exceptions.AirflowException: Failed to load data into HBase: AlreadyExists(message=b'table name already in use')
[2025-02-27T16:15:24.508+0000] {taskinstance.py:1400} INFO - Marking task as FAILED. dag_id=load_to_hbase, task_id=load_into_hbase, execution_date=20250227T160230, start_date=20250227T161520, end_date=20250227T161524
[2025-02-27T16:15:24.532+0000] {standard_task_runner.py:104} ERROR - Failed to execute job 23 for task load_into_hbase (Failed to load data into HBase: AlreadyExists(message=b'table name already in use'); 5160)
[2025-02-27T16:15:24.551+0000] {local_task_job_runner.py:228} INFO - Task exited with return code 1
[2025-02-27T16:15:24.581+0000] {taskinstance.py:2784} INFO - 0 downstream tasks scheduled from follow-on schedule check
