[2025-02-27T11:55:42.073+0000] {taskinstance.py:1159} INFO - Dependencies all met for dep_context=non-requeueable deps ti=<TaskInstance: load_to_hbase.load_into_hbase manual__2025-02-27T11:48:31.551800+00:00 [queued]>
[2025-02-27T11:55:42.088+0000] {taskinstance.py:1159} INFO - Dependencies all met for dep_context=requeueable deps ti=<TaskInstance: load_to_hbase.load_into_hbase manual__2025-02-27T11:48:31.551800+00:00 [queued]>
[2025-02-27T11:55:42.089+0000] {taskinstance.py:1361} INFO - Starting attempt 2 of 2
[2025-02-27T11:55:42.105+0000] {taskinstance.py:1382} INFO - Executing <Task(PythonOperator): load_into_hbase> on 2025-02-27 11:48:31.551800+00:00
[2025-02-27T11:55:42.112+0000] {standard_task_runner.py:57} INFO - Started process 2296 to run task
[2025-02-27T11:55:42.126+0000] {standard_task_runner.py:84} INFO - Running: ['***', 'tasks', 'run', 'load_to_hbase', 'load_into_hbase', 'manual__2025-02-27T11:48:31.551800+00:00', '--job-id', '64', '--raw', '--subdir', 'DAGS_FOLDER/load_data.py', '--cfg-path', '/tmp/tmpcilgizf2']
[2025-02-27T11:55:42.131+0000] {standard_task_runner.py:85} INFO - Job 64: Subtask load_into_hbase
[2025-02-27T11:55:42.191+0000] {task_command.py:415} INFO - Running <TaskInstance: load_to_hbase.load_into_hbase manual__2025-02-27T11:48:31.551800+00:00 [running]> on host bd8db0b15e85
[2025-02-27T11:55:42.283+0000] {taskinstance.py:1660} INFO - Exporting env vars: AIRFLOW_CTX_DAG_OWNER='***' AIRFLOW_CTX_DAG_ID='load_to_hbase' AIRFLOW_CTX_TASK_ID='load_into_hbase' AIRFLOW_CTX_EXECUTION_DATE='2025-02-27T11:48:31.551800+00:00' AIRFLOW_CTX_TRY_NUMBER='2' AIRFLOW_CTX_DAG_RUN_ID='manual__2025-02-27T11:48:31.551800+00:00'
[2025-02-27T11:57:46.839+0000] {taskinstance.py:1943} ERROR - Task failed with exception
Traceback (most recent call last):
  File "/opt/airflow/dags/load_data.py", line 62, in load_processed_data
    if 'crypto_prices' not in connection.tables():
  File "/home/airflow/.local/lib/python3.9/site-packages/happybase/connection.py", line 242, in tables
    names = self.client.getTableNames()
  File "/home/airflow/.local/lib/python3.9/site-packages/thriftpy2/thrift.py", line 214, in _req
    return self._recv(_api)
  File "/home/airflow/.local/lib/python3.9/site-packages/thriftpy2/thrift.py", line 248, in _recv
    raise v
Hbase_thrift.IOError: IOError(message=b'org.apache.hadoop.hbase.client.RetriesExhaustedException: Failed after attempts=16, exceptions:\nThu Feb 27 11:55:44 GMT 2025, RpcRetryingCaller{globalStartTime=1740657344508, pause=100, maxAttempts=16}, org.apache.hadoop.hbase.MasterNotRunningException: java.io.IOException: org.apache.zookeeper.KeeperException$NoNodeException: KeeperErrorCode = NoNode for /hbase/master\nThu Feb 27 11:55:44 GMT 2025, RpcRetryingCaller{globalStartTime=1740657344508, pause=100, maxAttempts=16}, org.apache.hadoop.hbase.MasterNotRunningException: java.io.IOException: org.apache.zookeeper.KeeperException$NoNodeException: KeeperErrorCode = NoNode for /hbase/master\nThu Feb 27 11:55:44 GMT 2025, RpcRetryingCaller{globalStartTime=1740657344508, pause=100, maxAttempts=16}, org.apache.hadoop.hbase.MasterNotRunningException: java.io.IOException: org.apache.zookeeper.KeeperException$NoNodeException: KeeperErrorCode = NoNode for /hbase/master\nThu Feb 27 11:55:45 GMT 2025, RpcRetryingCaller{globalStartTime=1740657344508, pause=100, maxAttempts=16}, org.apache.hadoop.hbase.MasterNotRunningException: java.io.IOException: org.apache.zookeeper.KeeperException$NoNodeException: KeeperErrorCode = NoNode for /hbase/master\nThu Feb 27 11:55:45 GMT 2025, RpcRetryingCaller{globalStartTime=1740657344508, pause=100, maxAttempts=16}, org.apache.hadoop.hbase.MasterNotRunningException: java.io.IOException: org.apache.zookeeper.KeeperException$NoNodeException: KeeperErrorCode = NoNode for /hbase/master\nThu Feb 27 11:55:46 GMT 2025, RpcRetryingCaller{globalStartTime=1740657344508, pause=100, maxAttempts=16}, org.apache.hadoop.hbase.MasterNotRunningException: java.io.IOException: org.apache.zookeeper.KeeperException$NoNodeException: KeeperErrorCode = NoNode for /hbase/master\nThu Feb 27 11:55:48 GMT 2025, RpcRetryingCaller{globalStartTime=1740657344508, pause=100, maxAttempts=16}, org.apache.hadoop.hbase.MasterNotRunningException: java.io.IOException: org.apache.zookeeper.KeeperException$NoNodeException: KeeperErrorCode = NoNode for /hbase/master\nThu Feb 27 11:55:52 GMT 2025, RpcRetryingCaller{globalStartTime=1740657344508, pause=100, maxAttempts=16}, org.apache.hadoop.hbase.MasterNotRunningException: java.io.IOException: org.apache.zookeeper.KeeperException$NoNodeException: KeeperErrorCode = NoNode for /hbase/master\nThu Feb 27 11:56:01 GMT 2025, RpcRetryingCaller{globalStartTime=1740657344508, pause=100, maxAttempts=16}, org.apache.hadoop.hbase.MasterNotRunningException: java.io.IOException: org.apache.zookeeper.KeeperException$NoNodeException: KeeperErrorCode = NoNode for /hbase/master\nThu Feb 27 11:56:11 GMT 2025, RpcRetryingCaller{globalStartTime=1740657344508, pause=100, maxAttempts=16}, org.apache.hadoop.hbase.MasterNotRunningException: java.io.IOException: org.apache.zookeeper.KeeperException$NoNodeException: KeeperErrorCode = NoNode for /hbase/master\nThu Feb 27 11:56:21 GMT 2025, RpcRetryingCaller{globalStartTime=1740657344508, pause=100, maxAttempts=16}, org.apache.hadoop.hbase.MasterNotRunningException: java.io.IOException: org.apache.zookeeper.KeeperException$NoNodeException: KeeperErrorCode = NoNode for /hbase/master\nThu Feb 27 11:56:29 GMT 2025, RpcRetryingCaller{globalStartTime=1740657344508, pause=100, maxAttempts=16}, org.apache.hadoop.hbase.MasterNotRunningException: java.io.IOException: org.apache.zookeeper.KeeperException$NoNodeException: KeeperErrorCode = NoNode for /hbase/master\nThu Feb 27 11:56:49 GMT 2025, RpcRetryingCaller{globalStartTime=1740657344508, pause=100, maxAttempts=16}, org.apache.hadoop.hbase.MasterNotRunningException: java.io.IOException: org.apache.zookeeper.KeeperException$NoNodeException: KeeperErrorCode = NoNode for /hbase/master\nThu Feb 27 11:57:08 GMT 2025, RpcRetryingCaller{globalStartTime=1740657344508, pause=100, maxAttempts=16}, org.apache.hadoop.hbase.MasterNotRunningException: java.io.IOException: org.apache.zookeeper.KeeperException$NoNodeException: KeeperErrorCode = NoNode for /hbase/master\nThu Feb 27 11:57:26 GMT 2025, RpcRetryingCaller{globalStartTime=1740657344508, pause=100, maxAttempts=16}, org.apache.hadoop.hbase.MasterNotRunningException: java.io.IOException: org.apache.zookeeper.KeeperException$NoNodeException: KeeperErrorCode = NoNode for /hbase/master\nThu Feb 27 11:57:46 GMT 2025, RpcRetryingCaller{globalStartTime=1740657344508, pause=100, maxAttempts=16}, org.apache.hadoop.hbase.MasterNotRunningException: java.io.IOException: org.apache.zookeeper.KeeperException$NoNodeException: KeeperErrorCode = NoNode for /hbase/master\n\n\tat org.apache.hadoop.hbase.client.RpcRetryingCallerImpl.callWithRetries(RpcRetryingCallerImpl.java:145)\n\tat org.apache.hadoop.hbase.client.HBaseAdmin.executeCallable(HBaseAdmin.java:3089)\n\tat org.apache.hadoop.hbase.client.HBaseAdmin.executeCallable(HBaseAdmin.java:3081)\n\tat org.apache.hadoop.hbase.client.HBaseAdmin.listTableNames(HBaseAdmin.java:509)\n\tat org.apache.hadoop.hbase.client.HBaseAdmin.listTableNames(HBaseAdmin.java:493)\n\tat org.apache.hadoop.hbase.thrift.ThriftServerRunner$HBaseHandler.getTableNames(ThriftServerRunner.java:916)\n\tat sun.reflect.NativeMethodAccessorImpl.invoke0(Native Method)\n\tat sun.reflect.NativeMethodAccessorImpl.invoke(NativeMethodAccessorImpl.java:62)\n\tat sun.reflect.DelegatingMethodAccessorImpl.invoke(DelegatingMethodAccessorImpl.java:43)\n\tat java.lang.reflect.Method.invoke(Method.java:498)\n\tat org.apache.hadoop.hbase.thrift.HbaseHandlerMetricsProxy.invoke(HbaseHandlerMetricsProxy.java:66)\n\tat com.sun.proxy.$Proxy10.getTableNames(Unknown Source)\n\tat org.apache.hadoop.hbase.thrift.generated.Hbase$Processor$getTableNames.getResult(Hbase.java:3871)\n\tat org.apache.hadoop.hbase.thrift.generated.Hbase$Processor$getTableNames.getResult(Hbase.java:3850)\n\tat org.apache.thrift.ProcessFunction.process(ProcessFunction.java:38)\n\tat org.apache.thrift.TBaseProcessor.process(TBaseProcessor.java:39)\n\tat org.apache.hadoop.hbase.thrift.TBoundedThreadPoolServer$ClientConnnection.run(TBoundedThreadPoolServer.java:293)\n\tat java.util.concurrent.ThreadPoolExecutor.runWorker(ThreadPoolExecutor.java:1149)\n\tat java.util.concurrent.ThreadPoolExecutor$Worker.run(ThreadPoolExecutor.java:624)\n\tat java.lang.Thread.run(Thread.java:748)\nCaused by: org.apache.hadoop.hbase.MasterNotRunningException: java.io.IOException: org.apache.zookeeper.KeeperException$NoNodeException: KeeperErrorCode = NoNode for /hbase/master\n\tat org.apache.hadoop.hbase.client.ConnectionImplementation$MasterServiceStubMaker.makeStub(ConnectionImplementation.java:1175)\n\tat org.apache.hadoop.hbase.client.ConnectionImplementation.getKeepAliveMasterService(ConnectionImplementation.java:1234)\n\tat org.apache.hadoop.hbase.client.ConnectionImplementation.getMaster(ConnectionImplementation.java:1223)\n\tat org.apache.hadoop.hbase.client.MasterCallable.prepare(MasterCallable.java:57)\n\tat org.apache.hadoop.hbase.client.RpcRetryingCallerImpl.callWithRetries(RpcRetryingCallerImpl.java:105)\n\t... 19 more\nCaused by: java.io.IOException: org.apache.zookeeper.KeeperException$NoNodeException: KeeperErrorCode = NoNode for /hbase/master\n\tat org.apache.hadoop.hbase.client.ConnectionImplementation.get(ConnectionImplementation.java:2012)\n\tat org.apache.hadoop.hbase.client.ConnectionImplementation.access$500(ConnectionImplementation.java:138)\n\tat org.apache.hadoop.hbase.client.ConnectionImplementation$MasterServiceStubMaker.makeStubNoRetries(ConnectionImplementation.java:1136)\n\tat org.apache.hadoop.hbase.client.ConnectionImplementation$MasterServiceStubMaker.makeStub(ConnectionImplementation.java:1169)\n\t... 23 more\nCaused by: org.apache.zookeeper.KeeperException$NoNodeException: KeeperErrorCode = NoNode for /hbase/master\n\tat org.apache.zookeeper.KeeperException.create(KeeperException.java:111)\n\tat org.apache.zookeeper.KeeperException.create(KeeperException.java:51)\n\tat org.apache.hadoop.hbase.zookeeper.ReadOnlyZKClient$ZKTask$1.exec(ReadOnlyZKClient.java:175)\n\tat org.apache.hadoop.hbase.zookeeper.ReadOnlyZKClient.run(ReadOnlyZKClient.java:330)\n\t... 1 more\n')

During handling of the above exception, another exception occurred:

Traceback (most recent call last):
  File "/home/airflow/.local/lib/python3.9/site-packages/airflow/operators/python.py", line 192, in execute
    return_value = self.execute_callable()
  File "/home/airflow/.local/lib/python3.9/site-packages/airflow/operators/python.py", line 209, in execute_callable
    return self.python_callable(*self.op_args, **self.op_kwargs)
  File "/opt/airflow/dags/load_data.py", line 91, in load_processed_data
    raise AirflowException(f"Failed to load data into HBase: {str(e)}")
airflow.exceptions.AirflowException: Failed to load data into HBase: IOError(message=b'org.apache.hadoop.hbase.client.RetriesExhaustedException: Failed after attempts=16, exceptions:\nThu Feb 27 11:55:44 GMT 2025, RpcRetryingCaller{globalStartTime=1740657344508, pause=100, maxAttempts=16}, org.apache.hadoop.hbase.MasterNotRunningException: java.io.IOException: org.apache.zookeeper.KeeperException$NoNodeException: KeeperErrorCode = NoNode for /hbase/master\nThu Feb 27 11:55:44 GMT 2025, RpcRetryingCaller{globalStartTime=1740657344508, pause=100, maxAttempts=16}, org.apache.hadoop.hbase.MasterNotRunningException: java.io.IOException: org.apache.zookeeper.KeeperException$NoNodeException: KeeperErrorCode = NoNode for /hbase/master\nThu Feb 27 11:55:44 GMT 2025, RpcRetryingCaller{globalStartTime=1740657344508, pause=100, maxAttempts=16}, org.apache.hadoop.hbase.MasterNotRunningException: java.io.IOException: org.apache.zookeeper.KeeperException$NoNodeException: KeeperErrorCode = NoNode for /hbase/master\nThu Feb 27 11:55:45 GMT 2025, RpcRetryingCaller{globalStartTime=1740657344508, pause=100, maxAttempts=16}, org.apache.hadoop.hbase.MasterNotRunningException: java.io.IOException: org.apache.zookeeper.KeeperException$NoNodeException: KeeperErrorCode = NoNode for /hbase/master\nThu Feb 27 11:55:45 GMT 2025, RpcRetryingCaller{globalStartTime=1740657344508, pause=100, maxAttempts=16}, org.apache.hadoop.hbase.MasterNotRunningException: java.io.IOException: org.apache.zookeeper.KeeperException$NoNodeException: KeeperErrorCode = NoNode for /hbase/master\nThu Feb 27 11:55:46 GMT 2025, RpcRetryingCaller{globalStartTime=1740657344508, pause=100, maxAttempts=16}, org.apache.hadoop.hbase.MasterNotRunningException: java.io.IOException: org.apache.zookeeper.KeeperException$NoNodeException: KeeperErrorCode = NoNode for /hbase/master\nThu Feb 27 11:55:48 GMT 2025, RpcRetryingCaller{globalStartTime=1740657344508, pause=100, maxAttempts=16}, org.apache.hadoop.hbase.MasterNotRunningException: java.io.IOException: org.apache.zookeeper.KeeperException$NoNodeException: KeeperErrorCode = NoNode for /hbase/master\nThu Feb 27 11:55:52 GMT 2025, RpcRetryingCaller{globalStartTime=1740657344508, pause=100, maxAttempts=16}, org.apache.hadoop.hbase.MasterNotRunningException: java.io.IOException: org.apache.zookeeper.KeeperException$NoNodeException: KeeperErrorCode = NoNode for /hbase/master\nThu Feb 27 11:56:01 GMT 2025, RpcRetryingCaller{globalStartTime=1740657344508, pause=100, maxAttempts=16}, org.apache.hadoop.hbase.MasterNotRunningException: java.io.IOException: org.apache.zookeeper.KeeperException$NoNodeException: KeeperErrorCode = NoNode for /hbase/master\nThu Feb 27 11:56:11 GMT 2025, RpcRetryingCaller{globalStartTime=1740657344508, pause=100, maxAttempts=16}, org.apache.hadoop.hbase.MasterNotRunningException: java.io.IOException: org.apache.zookeeper.KeeperException$NoNodeException: KeeperErrorCode = NoNode for /hbase/master\nThu Feb 27 11:56:21 GMT 2025, RpcRetryingCaller{globalStartTime=1740657344508, pause=100, maxAttempts=16}, org.apache.hadoop.hbase.MasterNotRunningException: java.io.IOException: org.apache.zookeeper.KeeperException$NoNodeException: KeeperErrorCode = NoNode for /hbase/master\nThu Feb 27 11:56:29 GMT 2025, RpcRetryingCaller{globalStartTime=1740657344508, pause=100, maxAttempts=16}, org.apache.hadoop.hbase.MasterNotRunningException: java.io.IOException: org.apache.zookeeper.KeeperException$NoNodeException: KeeperErrorCode = NoNode for /hbase/master\nThu Feb 27 11:56:49 GMT 2025, RpcRetryingCaller{globalStartTime=1740657344508, pause=100, maxAttempts=16}, org.apache.hadoop.hbase.MasterNotRunningException: java.io.IOException: org.apache.zookeeper.KeeperException$NoNodeException: KeeperErrorCode = NoNode for /hbase/master\nThu Feb 27 11:57:08 GMT 2025, RpcRetryingCaller{globalStartTime=1740657344508, pause=100, maxAttempts=16}, org.apache.hadoop.hbase.MasterNotRunningException: java.io.IOException: org.apache.zookeeper.KeeperException$NoNodeException: KeeperErrorCode = NoNode for /hbase/master\nThu Feb 27 11:57:26 GMT 2025, RpcRetryingCaller{globalStartTime=1740657344508, pause=100, maxAttempts=16}, org.apache.hadoop.hbase.MasterNotRunningException: java.io.IOException: org.apache.zookeeper.KeeperException$NoNodeException: KeeperErrorCode = NoNode for /hbase/master\nThu Feb 27 11:57:46 GMT 2025, RpcRetryingCaller{globalStartTime=1740657344508, pause=100, maxAttempts=16}, org.apache.hadoop.hbase.MasterNotRunningException: java.io.IOException: org.apache.zookeeper.KeeperException$NoNodeException: KeeperErrorCode = NoNode for /hbase/master\n\n\tat org.apache.hadoop.hbase.client.RpcRetryingCallerImpl.callWithRetries(RpcRetryingCallerImpl.java:145)\n\tat org.apache.hadoop.hbase.client.HBaseAdmin.executeCallable(HBaseAdmin.java:3089)\n\tat org.apache.hadoop.hbase.client.HBaseAdmin.executeCallable(HBaseAdmin.java:3081)\n\tat org.apache.hadoop.hbase.client.HBaseAdmin.listTableNames(HBaseAdmin.java:509)\n\tat org.apache.hadoop.hbase.client.HBaseAdmin.listTableNames(HBaseAdmin.java:493)\n\tat org.apache.hadoop.hbase.thrift.ThriftServerRunner$HBaseHandler.getTableNames(ThriftServerRunner.java:916)\n\tat sun.reflect.NativeMethodAccessorImpl.invoke0(Native Method)\n\tat sun.reflect.NativeMethodAccessorImpl.invoke(NativeMethodAccessorImpl.java:62)\n\tat sun.reflect.DelegatingMethodAccessorImpl.invoke(DelegatingMethodAccessorImpl.java:43)\n\tat java.lang.reflect.Method.invoke(Method.java:498)\n\tat org.apache.hadoop.hbase.thrift.HbaseHandlerMetricsProxy.invoke(HbaseHandlerMetricsProxy.java:66)\n\tat com.sun.proxy.$Proxy10.getTableNames(Unknown Source)\n\tat org.apache.hadoop.hbase.thrift.generated.Hbase$Processor$getTableNames.getResult(Hbase.java:3871)\n\tat org.apache.hadoop.hbase.thrift.generated.Hbase$Processor$getTableNames.getResult(Hbase.java:3850)\n\tat org.apache.thrift.ProcessFunction.process(ProcessFunction.java:38)\n\tat org.apache.thrift.TBaseProcessor.process(TBaseProcessor.java:39)\n\tat org.apache.hadoop.hbase.thrift.TBoundedThreadPoolServer$ClientConnnection.run(TBoundedThreadPoolServer.java:293)\n\tat java.util.concurrent.ThreadPoolExecutor.runWorker(ThreadPoolExecutor.java:1149)\n\tat java.util.concurrent.ThreadPoolExecutor$Worker.run(ThreadPoolExecutor.java:624)\n\tat java.lang.Thread.run(Thread.java:748)\nCaused by: org.apache.hadoop.hbase.MasterNotRunningException: java.io.IOException: org.apache.zookeeper.KeeperException$NoNodeException: KeeperErrorCode = NoNode for /hbase/master\n\tat org.apache.hadoop.hbase.client.ConnectionImplementation$MasterServiceStubMaker.makeStub(ConnectionImplementation.java:1175)\n\tat org.apache.hadoop.hbase.client.ConnectionImplementation.getKeepAliveMasterService(ConnectionImplementation.java:1234)\n\tat org.apache.hadoop.hbase.client.ConnectionImplementation.getMaster(ConnectionImplementation.java:1223)\n\tat org.apache.hadoop.hbase.client.MasterCallable.prepare(MasterCallable.java:57)\n\tat org.apache.hadoop.hbase.client.RpcRetryingCallerImpl.callWithRetries(RpcRetryingCallerImpl.java:105)\n\t... 19 more\nCaused by: java.io.IOException: org.apache.zookeeper.KeeperException$NoNodeException: KeeperErrorCode = NoNode for /hbase/master\n\tat org.apache.hadoop.hbase.client.ConnectionImplementation.get(ConnectionImplementation.java:2012)\n\tat org.apache.hadoop.hbase.client.ConnectionImplementation.access$500(ConnectionImplementation.java:138)\n\tat org.apache.hadoop.hbase.client.ConnectionImplementation$MasterServiceStubMaker.makeStubNoRetries(ConnectionImplementation.java:1136)\n\tat org.apache.hadoop.hbase.client.ConnectionImplementation$MasterServiceStubMaker.makeStub(ConnectionImplementation.java:1169)\n\t... 23 more\nCaused by: org.apache.zookeeper.KeeperException$NoNodeException: KeeperErrorCode = NoNode for /hbase/master\n\tat org.apache.zookeeper.KeeperException.create(KeeperException.java:111)\n\tat org.apache.zookeeper.KeeperException.create(KeeperException.java:51)\n\tat org.apache.hadoop.hbase.zookeeper.ReadOnlyZKClient$ZKTask$1.exec(ReadOnlyZKClient.java:175)\n\tat org.apache.hadoop.hbase.zookeeper.ReadOnlyZKClient.run(ReadOnlyZKClient.java:330)\n\t... 1 more\n')
[2025-02-27T11:57:46.854+0000] {taskinstance.py:1400} INFO - Marking task as FAILED. dag_id=load_to_hbase, task_id=load_into_hbase, execution_date=20250227T114831, start_date=20250227T115542, end_date=20250227T115746
[2025-02-27T11:57:46.871+0000] {standard_task_runner.py:104} ERROR - Failed to execute job 64 for task load_into_hbase (Failed to load data into HBase: IOError(message=b'org.apache.hadoop.hbase.client.RetriesExhaustedException: Failed after attempts=16, exceptions:\nThu Feb 27 11:55:44 GMT 2025, RpcRetryingCaller{globalStartTime=1740657344508, pause=100, maxAttempts=16}, org.apache.hadoop.hbase.MasterNotRunningException: java.io.IOException: org.apache.zookeeper.KeeperException$NoNodeException: KeeperErrorCode = NoNode for /hbase/master\nThu Feb 27 11:55:44 GMT 2025, RpcRetryingCaller{globalStartTime=1740657344508, pause=100, maxAttempts=16}, org.apache.hadoop.hbase.MasterNotRunningException: java.io.IOException: org.apache.zookeeper.KeeperException$NoNodeException: KeeperErrorCode = NoNode for /hbase/master\nThu Feb 27 11:55:44 GMT 2025, RpcRetryingCaller{globalStartTime=1740657344508, pause=100, maxAttempts=16}, org.apache.hadoop.hbase.MasterNotRunningException: java.io.IOException: org.apache.zookeeper.KeeperException$NoNodeException: KeeperErrorCode = NoNode for /hbase/master\nThu Feb 27 11:55:45 GMT 2025, RpcRetryingCaller{globalStartTime=1740657344508, pause=100, maxAttempts=16}, org.apache.hadoop.hbase.MasterNotRunningException: java.io.IOException: org.apache.zookeeper.KeeperException$NoNodeException: KeeperErrorCode = NoNode for /hbase/master\nThu Feb 27 11:55:45 GMT 2025, RpcRetryingCaller{globalStartTime=1740657344508, pause=100, maxAttempts=16}, org.apache.hadoop.hbase.MasterNotRunningException: java.io.IOException: org.apache.zookeeper.KeeperException$NoNodeException: KeeperErrorCode = NoNode for /hbase/master\nThu Feb 27 11:55:46 GMT 2025, RpcRetryingCaller{globalStartTime=1740657344508, pause=100, maxAttempts=16}, org.apache.hadoop.hbase.MasterNotRunningException: java.io.IOException: org.apache.zookeeper.KeeperException$NoNodeException: KeeperErrorCode = NoNode for /hbase/master\nThu Feb 27 11:55:48 GMT 2025, RpcRetryingCaller{globalStartTime=1740657344508, pause=100, maxAttempts=16}, org.apache.hadoop.hbase.MasterNotRunningException: java.io.IOException: org.apache.zookeeper.KeeperException$NoNodeException: KeeperErrorCode = NoNode for /hbase/master\nThu Feb 27 11:55:52 GMT 2025, RpcRetryingCaller{globalStartTime=1740657344508, pause=100, maxAttempts=16}, org.apache.hadoop.hbase.MasterNotRunningException: java.io.IOException: org.apache.zookeeper.KeeperException$NoNodeException: KeeperErrorCode = NoNode for /hbase/master\nThu Feb 27 11:56:01 GMT 2025, RpcRetryingCaller{globalStartTime=1740657344508, pause=100, maxAttempts=16}, org.apache.hadoop.hbase.MasterNotRunningException: java.io.IOException: org.apache.zookeeper.KeeperException$NoNodeException: KeeperErrorCode = NoNode for /hbase/master\nThu Feb 27 11:56:11 GMT 2025, RpcRetryingCaller{globalStartTime=1740657344508, pause=100, maxAttempts=16}, org.apache.hadoop.hbase.MasterNotRunningException: java.io.IOException: org.apache.zookeeper.KeeperException$NoNodeException: KeeperErrorCode = NoNode for /hbase/master\nThu Feb 27 11:56:21 GMT 2025, RpcRetryingCaller{globalStartTime=1740657344508, pause=100, maxAttempts=16}, org.apache.hadoop.hbase.MasterNotRunningException: java.io.IOException: org.apache.zookeeper.KeeperException$NoNodeException: KeeperErrorCode = NoNode for /hbase/master\nThu Feb 27 11:56:29 GMT 2025, RpcRetryingCaller{globalStartTime=1740657344508, pause=100, maxAttempts=16}, org.apache.hadoop.hbase.MasterNotRunningException: java.io.IOException: org.apache.zookeeper.KeeperException$NoNodeException: KeeperErrorCode = NoNode for /hbase/master\nThu Feb 27 11:56:49 GMT 2025, RpcRetryingCaller{globalStartTime=1740657344508, pause=100, maxAttempts=16}, org.apache.hadoop.hbase.MasterNotRunningException: java.io.IOException: org.apache.zookeeper.KeeperException$NoNodeException: KeeperErrorCode = NoNode for /hbase/master\nThu Feb 27 11:57:08 GMT 2025, RpcRetryingCaller{globalStartTime=1740657344508, pause=100, maxAttempts=16}, org.apache.hadoop.hbase.MasterNotRunningException: java.io.IOException: org.apache.zookeeper.KeeperException$NoNodeException: KeeperErrorCode = NoNode for /hbase/master\nThu Feb 27 11:57:26 GMT 2025, RpcRetryingCaller{globalStartTime=1740657344508, pause=100, maxAttempts=16}, org.apache.hadoop.hbase.MasterNotRunningException: java.io.IOException: org.apache.zookeeper.KeeperException$NoNodeException: KeeperErrorCode = NoNode for /hbase/master\nThu Feb 27 11:57:46 GMT 2025, RpcRetryingCaller{globalStartTime=1740657344508, pause=100, maxAttempts=16}, org.apache.hadoop.hbase.MasterNotRunningException: java.io.IOException: org.apache.zookeeper.KeeperException$NoNodeException: KeeperErrorCode = NoNode for /hbase/master\n\n\tat org.apache.hadoop.hbase.client.RpcRetryingCallerImpl.callWithRetries(RpcRetryingCallerImpl.java:145)\n\tat org.apache.hadoop.hbase.client.HBaseAdmin.executeCallable(HBaseAdmin.java:3089)\n\tat org.apache.hadoop.hbase.client.HBaseAdmin.executeCallable(HBaseAdmin.java:3081)\n\tat org.apache.hadoop.hbase.client.HBaseAdmin.listTableNames(HBaseAdmin.java:509)\n\tat org.apache.hadoop.hbase.client.HBaseAdmin.listTableNames(HBaseAdmin.java:493)\n\tat org.apache.hadoop.hbase.thrift.ThriftServerRunner$HBaseHandler.getTableNames(ThriftServerRunner.java:916)\n\tat sun.reflect.NativeMethodAccessorImpl.invoke0(Native Method)\n\tat sun.reflect.NativeMethodAccessorImpl.invoke(NativeMethodAccessorImpl.java:62)\n\tat sun.reflect.DelegatingMethodAccessorImpl.invoke(DelegatingMethodAccessorImpl.java:43)\n\tat java.lang.reflect.Method.invoke(Method.java:498)\n\tat org.apache.hadoop.hbase.thrift.HbaseHandlerMetricsProxy.invoke(HbaseHandlerMetricsProxy.java:66)\n\tat com.sun.proxy.$Proxy10.getTableNames(Unknown Source)\n\tat org.apache.hadoop.hbase.thrift.generated.Hbase$Processor$getTableNames.getResult(Hbase.java:3871)\n\tat org.apache.hadoop.hbase.thrift.generated.Hbase$Processor$getTableNames.getResult(Hbase.java:3850)\n\tat org.apache.thrift.ProcessFunction.process(ProcessFunction.java:38)\n\tat org.apache.thrift.TBaseProcessor.process(TBaseProcessor.java:39)\n\tat org.apache.hadoop.hbase.thrift.TBoundedThreadPoolServer$ClientConnnection.run(TBoundedThreadPoolServer.java:293)\n\tat java.util.concurrent.ThreadPoolExecutor.runWorker(ThreadPoolExecutor.java:1149)\n\tat java.util.concurrent.ThreadPoolExecutor$Worker.run(ThreadPoolExecutor.java:624)\n\tat java.lang.Thread.run(Thread.java:748)\nCaused by: org.apache.hadoop.hbase.MasterNotRunningException: java.io.IOException: org.apache.zookeeper.KeeperException$NoNodeException: KeeperErrorCode = NoNode for /hbase/master\n\tat org.apache.hadoop.hbase.client.ConnectionImplementation$MasterServiceStubMaker.makeStub(ConnectionImplementation.java:1175)\n\tat org.apache.hadoop.hbase.client.ConnectionImplementation.getKeepAliveMasterService(ConnectionImplementation.java:1234)\n\tat org.apache.hadoop.hbase.client.ConnectionImplementation.getMaster(ConnectionImplementation.java:1223)\n\tat org.apache.hadoop.hbase.client.MasterCallable.prepare(MasterCallable.java:57)\n\tat org.apache.hadoop.hbase.client.RpcRetryingCallerImpl.callWithRetries(RpcRetryingCallerImpl.java:105)\n\t... 19 more\nCaused by: java.io.IOException: org.apache.zookeeper.KeeperException$NoNodeException: KeeperErrorCode = NoNode for /hbase/master\n\tat org.apache.hadoop.hbase.client.ConnectionImplementation.get(ConnectionImplementation.java:2012)\n\tat org.apache.hadoop.hbase.client.ConnectionImplementation.access$500(ConnectionImplementation.java:138)\n\tat org.apache.hadoop.hbase.client.ConnectionImplementation$MasterServiceStubMaker.makeStubNoRetries(ConnectionImplementation.java:1136)\n\tat org.apache.hadoop.hbase.client.ConnectionImplementation$MasterServiceStubMaker.makeStub(ConnectionImplementation.java:1169)\n\t... 23 more\nCaused by: org.apache.zookeeper.KeeperException$NoNodeException: KeeperErrorCode = NoNode for /hbase/master\n\tat org.apache.zookeeper.KeeperException.create(KeeperException.java:111)\n\tat org.apache.zookeeper.KeeperException.create(KeeperException.java:51)\n\tat org.apache.hadoop.hbase.zookeeper.ReadOnlyZKClient$ZKTask$1.exec(ReadOnlyZKClient.java:175)\n\tat org.apache.hadoop.hbase.zookeeper.ReadOnlyZKClient.run(ReadOnlyZKClient.java:330)\n\t... 1 more\n'); 2296)
[2025-02-27T11:57:46.919+0000] {local_task_job_runner.py:228} INFO - Task exited with return code 1
[2025-02-27T11:57:46.935+0000] {taskinstance.py:2784} INFO - 0 downstream tasks scheduled from follow-on schedule check
