[2025-02-27T00:28:33.114+0000] {taskinstance.py:1159} INFO - Dependencies all met for dep_context=non-requeueable deps ti=<TaskInstance: load_to_hbase.load_into_hbase scheduled__2025-02-26T00:00:00+00:00 [queued]>
[2025-02-27T00:28:33.134+0000] {taskinstance.py:1159} INFO - Dependencies all met for dep_context=requeueable deps ti=<TaskInstance: load_to_hbase.load_into_hbase scheduled__2025-02-26T00:00:00+00:00 [queued]>
[2025-02-27T00:28:33.135+0000] {taskinstance.py:1361} INFO - Starting attempt 1 of 2
[2025-02-27T00:28:33.164+0000] {taskinstance.py:1382} INFO - Executing <Task(PythonOperator): load_into_hbase> on 2025-02-26 00:00:00+00:00
[2025-02-27T00:28:33.175+0000] {standard_task_runner.py:57} INFO - Started process 95252 to run task
[2025-02-27T00:28:33.182+0000] {standard_task_runner.py:84} INFO - Running: ['***', 'tasks', 'run', 'load_to_hbase', 'load_into_hbase', 'scheduled__2025-02-26T00:00:00+00:00', '--job-id', '39', '--raw', '--subdir', 'DAGS_FOLDER/load_data.py', '--cfg-path', '/tmp/tmpstm2dx4k']
[2025-02-27T00:28:33.188+0000] {standard_task_runner.py:85} INFO - Job 39: Subtask load_into_hbase
[2025-02-27T00:28:33.262+0000] {task_command.py:415} INFO - Running <TaskInstance: load_to_hbase.load_into_hbase scheduled__2025-02-26T00:00:00+00:00 [running]> on host 8d9ab8d4ded3
[2025-02-27T00:28:33.395+0000] {taskinstance.py:1660} INFO - Exporting env vars: AIRFLOW_CTX_DAG_OWNER='***' AIRFLOW_CTX_DAG_ID='load_to_hbase' AIRFLOW_CTX_TASK_ID='load_into_hbase' AIRFLOW_CTX_EXECUTION_DATE='2025-02-26T00:00:00+00:00' AIRFLOW_CTX_TRY_NUMBER='1' AIRFLOW_CTX_DAG_RUN_ID='scheduled__2025-02-26T00:00:00+00:00'
[2025-02-27T09:05:43.106+0000] {taskinstance.py:1943} ERROR - Task failed with exception
Traceback (most recent call last):
  File "/home/airflow/.local/lib/python3.9/site-packages/thriftpy2/transport/socket.py", line 98, in open
    self.sock.connect(addr)
ConnectionRefusedError: [Errno 111] Connection refused

During handling of the above exception, another exception occurred:

Traceback (most recent call last):
  File "/home/airflow/.local/lib/python3.9/site-packages/airflow/operators/python.py", line 192, in execute
    return_value = self.execute_callable()
  File "/home/airflow/.local/lib/python3.9/site-packages/airflow/operators/python.py", line 209, in execute_callable
    return self.python_callable(*self.op_args, **self.op_kwargs)
  File "/opt/airflow/dags/load_data.py", line 55, in load_processed_data
    connection = happybase.Connection('namenode', port=9090)  # Point to namenode, adjust port if needed
  File "/home/airflow/.local/lib/python3.9/site-packages/happybase/connection.py", line 148, in __init__
    self.open()
  File "/home/airflow/.local/lib/python3.9/site-packages/happybase/connection.py", line 176, in open
    self.transport.open()
  File "thriftpy2/transport/buffered/cybuffered.pyx", line 34, in thriftpy2.transport.buffered.cybuffered.TCyBufferedTransport.open
  File "/home/airflow/.local/lib/python3.9/site-packages/thriftpy2/transport/socket.py", line 105, in open
    raise TTransportException(
thriftpy2.transport.base.TTransportException: TTransportException(type=1, message="Could not connect to ('namenode', 9090)")
[2025-02-27T09:05:43.284+0000] {taskinstance.py:1400} INFO - Marking task as UP_FOR_RETRY. dag_id=load_to_hbase, task_id=load_into_hbase, execution_date=20250226T000000, start_date=20250227T002833, end_date=20250227T090543
[2025-02-27T09:05:43.454+0000] {standard_task_runner.py:104} ERROR - Failed to execute job 39 for task load_into_hbase (TTransportException(type=1, message="Could not connect to ('namenode', 9090)"); 95252)
[2025-02-27T09:05:43.845+0000] {local_task_job_runner.py:228} INFO - Task exited with return code 1
[2025-02-27T09:05:44.042+0000] {taskinstance.py:2784} INFO - 0 downstream tasks scheduled from follow-on schedule check
[2025-02-27T12:35:43.845+0000] {taskinstance.py:1159} INFO - Dependencies all met for dep_context=non-requeueable deps ti=<TaskInstance: load_to_hbase.load_into_hbase scheduled__2025-02-26T00:00:00+00:00 [queued]>
[2025-02-27T12:35:43.860+0000] {taskinstance.py:1159} INFO - Dependencies all met for dep_context=requeueable deps ti=<TaskInstance: load_to_hbase.load_into_hbase scheduled__2025-02-26T00:00:00+00:00 [queued]>
[2025-02-27T12:35:43.861+0000] {taskinstance.py:1361} INFO - Starting attempt 1 of 2
[2025-02-27T12:35:43.879+0000] {taskinstance.py:1382} INFO - Executing <Task(PythonOperator): load_into_hbase> on 2025-02-26 00:00:00+00:00
[2025-02-27T12:35:43.886+0000] {standard_task_runner.py:57} INFO - Started process 326 to run task
[2025-02-27T12:35:43.894+0000] {standard_task_runner.py:84} INFO - Running: ['***', 'tasks', 'run', 'load_to_hbase', 'load_into_hbase', 'scheduled__2025-02-26T00:00:00+00:00', '--job-id', '3', '--raw', '--subdir', 'DAGS_FOLDER/load_data.py', '--cfg-path', '/tmp/tmp9yq8fc79']
[2025-02-27T12:35:43.911+0000] {standard_task_runner.py:85} INFO - Job 3: Subtask load_into_hbase
[2025-02-27T12:35:44.107+0000] {task_command.py:415} INFO - Running <TaskInstance: load_to_hbase.load_into_hbase scheduled__2025-02-26T00:00:00+00:00 [running]> on host b0117377cc2b
[2025-02-27T12:35:44.312+0000] {taskinstance.py:1660} INFO - Exporting env vars: AIRFLOW_CTX_DAG_OWNER='***' AIRFLOW_CTX_DAG_ID='load_to_hbase' AIRFLOW_CTX_TASK_ID='load_into_hbase' AIRFLOW_CTX_EXECUTION_DATE='2025-02-26T00:00:00+00:00' AIRFLOW_CTX_TRY_NUMBER='1' AIRFLOW_CTX_DAG_RUN_ID='scheduled__2025-02-26T00:00:00+00:00'
[2025-02-27T12:35:52.203+0000] {taskinstance.py:1943} ERROR - Task failed with exception
Traceback (most recent call last):
  File "/opt/airflow/dags/load_data.py", line 63, in load_processed_data
    raise AirflowException("HBase table 'crypto_prices' does not exist")
airflow.exceptions.AirflowException: HBase table 'crypto_prices' does not exist

During handling of the above exception, another exception occurred:

Traceback (most recent call last):
  File "/home/airflow/.local/lib/python3.9/site-packages/airflow/operators/python.py", line 192, in execute
    return_value = self.execute_callable()
  File "/home/airflow/.local/lib/python3.9/site-packages/airflow/operators/python.py", line 209, in execute_callable
    return self.python_callable(*self.op_args, **self.op_kwargs)
  File "/opt/airflow/dags/load_data.py", line 91, in load_processed_data
    raise AirflowException(f"Failed to load data into HBase: {str(e)}")
airflow.exceptions.AirflowException: Failed to load data into HBase: HBase table 'crypto_prices' does not exist
[2025-02-27T12:35:52.217+0000] {taskinstance.py:1400} INFO - Marking task as UP_FOR_RETRY. dag_id=load_to_hbase, task_id=load_into_hbase, execution_date=20250226T000000, start_date=20250227T123543, end_date=20250227T123552
[2025-02-27T12:35:52.244+0000] {standard_task_runner.py:104} ERROR - Failed to execute job 3 for task load_into_hbase (Failed to load data into HBase: HBase table 'crypto_prices' does not exist; 326)
[2025-02-27T12:35:52.260+0000] {local_task_job_runner.py:228} INFO - Task exited with return code 1
[2025-02-27T12:35:52.285+0000] {taskinstance.py:2784} INFO - 0 downstream tasks scheduled from follow-on schedule check
